// Jest Snapshot v1, https://goo.gl/fbAQLP

exports[`StyleInformation add a new declaration adds to the first position 1`] = `
<div styledeclarationstub="true" prop="font-weight" value="bold" autofocus="prop"></div>
<div styledeclarationstub="true" prop="color" value="red"></div>
<div styledeclarationstub="true" prop="font-size" value="22px"></div>
`;

exports[`StyleInformation add a new declaration adds to the last position 1`] = `
<div styledeclarationstub="true" prop="color" value="red"></div>
<div styledeclarationstub="true" prop="font-size" value="22px"></div>
<div styledeclarationstub="true" prop="font-weight" value="bold" autofocus="prop"></div>
`;

exports[`StyleInformation add a new declaration inserts to the clicked position 1`] = `
<div styledeclarationstub="true" prop="color" value="red"></div>
<div styledeclarationstub="true" prop="font-weight" value="bold" autofocus="prop"></div>
<div styledeclarationstub="true" prop="font-size" value="22px"></div>
`;

exports[`StyleInformation moving focus adds a new declaration and moves focus to it 1`] = `
<div styledeclarationstub="true" prop="color" value="red"></div>
<div styledeclarationstub="true" prop="font-size" value="22px"></div>
<div styledeclarationstub="true" prop="property" value="value" autofocus="prop"></div>
`;

exports[`StyleInformation moving focus does not move focus if editing is ended by blur 1`] = `
<div styledeclarationstub="true" prop="color" value="red"></div>
<div styledeclarationstub="true" prop="font-size" value="22px"></div>
`;

exports[`StyleInformation moving focus moves from prop to prev declaration value 1`] = `
<div styledeclarationstub="true" prop="color" value="red" autofocus="value"></div>
<div styledeclarationstub="true" prop="font-size" value="22px"></div>
`;

exports[`StyleInformation moving focus moves from prop to value 1`] = `
<div styledeclarationstub="true" prop="color" value="red" autofocus="value"></div>
<div styledeclarationstub="true" prop="font-size" value="22px"></div>
`;

exports[`StyleInformation moving focus moves from value to next prop value 1`] = `
<div styledeclarationstub="true" prop="color" value="red"></div>
<div styledeclarationstub="true" prop="font-size" value="22px" autofocus="prop"></div>
`;

exports[`StyleInformation moving focus moves from value to prop 1`] = `
<div styledeclarationstub="true" prop="color" value="red" autofocus="prop"></div>
<div styledeclarationstub="true" prop="font-size" value="22px"></div>
`;

exports[`StyleInformation moving focus removes focus if it cannot go back 1`] = `
<div styledeclarationstub="true" prop="color" value="red"></div>
<div styledeclarationstub="true" prop="font-size" value="22px"></div>
`;
