// Jest Snapshot v1, https://goo.gl/fbAQLP

exports[`VueComponent v-else resolves template children as the else block 1`] = `
<div>
  <style></style><strong class="">Bar</strong>Content</div>
`;
