// Vitest Snapshot v1, https://vitest.dev/guide/snapshot.html

exports[`VueComponent v-else-if > resolves template children as the else-if block 1`] = `
<div>
  <style></style><strong class="">Bar</strong>Content
</div>
`;
