// Jest Snapshot v1, https://goo.gl/fbAQLP

exports[`VueComponent v-else-if resolves template children as the else-if block 1`] = `"<div><style></style><strong class=\\"\\">Bar</strong>Content</div>"`;
